AR seu seu_arq "C:/Users/LuisaM/Documents/Universidad/Arq computadores/ProcesadorMonociclo/Seu.vhd" sub00/vhpl14 1461804409
EN adder NULL "C:/Users/LuisaM/Documents/Universidad/Arq computadores/ProcesadorMonociclo/Adder.vhd" sub00/vhpl02 1461804396
AR procesadorm arq_proecesadorm "C:/Users/LuisaM/Documents/Universidad/Arq computadores/ProcesadorMonociclo/Procesador.vhd" sub00/vhpl22 1461804413
AR register_file arqui_rf "C:/Users/LuisaM/Documents/Universidad/Arq computadores/ProcesadorMonociclo/Register_file.vhd" sub00/vhpl23 1461804405
EN seu NULL "C:/Users/LuisaM/Documents/Universidad/Arq computadores/ProcesadorMonociclo/Seu.vhd" sub00/vhpl13 1461804408
AR register_file arq_rf "C:/Users/LuisaM/Documents/Universidad/Arq computadores/ProcesadorMonociclo/Register_file.vhd" sub00/vhpl12 1461803144
AR alu alu_arq "C:/Users/LuisaM/Documents/Universidad/Arq computadores/ProcesadorMonociclo/ALU.vhd" sub00/vhpl18 1461804411
EN unidadcontrol NULL "C:/Users/LuisaM/Documents/Universidad/Arq computadores/ProcesadorMonociclo/UnidadControl.vhd" sub00/vhpl19 1461804402
AR npc behavioral "C:/Users/LuisaM/Documents/Universidad/Arq computadores/ProcesadorMonociclo/NPC.vhd" sub00/vhpl01 1461804399
EN im NULL "C:/Users/LuisaM/Documents/Universidad/Arq computadores/ProcesadorMonociclo/IM.vhd" sub00/vhpl06 1461804400
AR registerfile arqregisterfile "C:/Users/LuisaM/Documents/Universidad/Arq computadores/ProcesadorMonociclo/RegisterFile.vhd" sub00/vhpl09 1461284747
AR im instructionmemory "C:/Users/LuisaM/Documents/Universidad/Arq computadores/ProcesadorMonociclo/IM.vhd" sub00/vhpl07 1461804401
AR mux mux_arq "C:/Users/LuisaM/Documents/Universidad/Arq computadores/ProcesadorMonociclo/Mux.vhd" sub00/vhpl16 1461804407
EN register_file NULL "C:/Users/LuisaM/Documents/Universidad/Arq computadores/ProcesadorMonociclo/Register_file.vhd" sub00/vhpl11 1461804404
AR adder sum "C:/Users/LuisaM/Documents/Universidad/Arq computadores/ProcesadorMonociclo/Adder.vhd" sub00/vhpl10 1461804397
EN instructionmemory NULL "C:/Users/LuisaM/Documents/Universidad/Arq computadores/ProcesadorMonociclo/IM.vhd" sub00/vhpl05 1460597867
EN npc NULL "C:/Users/LuisaM/Documents/Universidad/Arq computadores/ProcesadorMonociclo/NPC.vhd" sub00/vhpl00 1461804398
AR unidadcontrol uc_arq "C:/Users/LuisaM/Documents/Universidad/Arq computadores/ProcesadorMonociclo/UnidadControl.vhd" sub00/vhpl20 1461804403
AR adder behavioral "C:/Users/LuisaM/Documents/Universidad/Arq computadores/ProcesadorMonociclo/Adder.vhd" sub00/vhpl03 1460221280
EN mux NULL "C:/Users/LuisaM/Documents/Universidad/Arq computadores/ProcesadorMonociclo/Mux.vhd" sub00/vhpl15 1461804406
EN procesadorm NULL "C:/Users/LuisaM/Documents/Universidad/Arq computadores/ProcesadorMonociclo/Procesador.vhd" sub00/vhpl21 1461804412
EN registerfile NULL "C:/Users/LuisaM/Documents/Universidad/Arq computadores/ProcesadorMonociclo/RegisterFile.vhd" sub00/vhpl08 1461284746
EN alu NULL "C:/Users/LuisaM/Documents/Universidad/Arq computadores/ProcesadorMonociclo/ALU.vhd" sub00/vhpl17 1461804410
AR adder adder4 "C:/Users/LuisaM/Documents/Universidad/Arq computadores/ProcesadorMonociclo/Adder.vhd" sub00/vhpl04 1461111152
