V3 38
FL "C:/Users/LuisaM/Documents/Universidad/Arq computadores/ProcesadorMonociclo/Adder.vhd" 2016/04/20.19:24:40 P.20131013
EN work/Adder 1461804396 \
      FL "C:/Users/LuisaM/Documents/Universidad/Arq computadores/ProcesadorMonociclo/Adder.vhd" \
      PB ieee/std_logic_1164 1381692176 PB ieee/std_logic_arith 1381692177 \
      PB ieee/STD_LOGIC_UNSIGNED 1381692179
AR work/Adder/Sum 1461804397 \
      FL "C:/Users/LuisaM/Documents/Universidad/Arq computadores/ProcesadorMonociclo/Adder.vhd" \
      EN work/Adder 1461804396
FL "C:/Users/LuisaM/Documents/Universidad/Arq computadores/ProcesadorMonociclo/ALU.vhd" 2016/04/26.22:49:24 P.20131013
EN work/ALU 1461804410 \
      FL "C:/Users/LuisaM/Documents/Universidad/Arq computadores/ProcesadorMonociclo/ALU.vhd" \
      PB ieee/std_logic_1164 1381692176 PB ieee/std_logic_arith 1381692177 \
      PB ieee/STD_LOGIC_UNSIGNED 1381692179
AR work/ALU/ALU_Arq 1461804411 \
      FL "C:/Users/LuisaM/Documents/Universidad/Arq computadores/ProcesadorMonociclo/ALU.vhd" \
      EN work/ALU 1461804410
FL "C:/Users/LuisaM/Documents/Universidad/Arq computadores/ProcesadorMonociclo/IM.vhd" 2016/04/19.19:32:20 P.20131013
EN work/IM 1461804400 \
      FL "C:/Users/LuisaM/Documents/Universidad/Arq computadores/ProcesadorMonociclo/IM.vhd" \
      PB ieee/std_logic_1164 1381692176 PB ieee/STD_LOGIC_UNSIGNED 1381692179 \
      PB std/TEXTIO 1381692176
AR work/IM/InstructionMemory 1461804401 \
      FL "C:/Users/LuisaM/Documents/Universidad/Arq computadores/ProcesadorMonociclo/IM.vhd" \
      EN work/IM 1461804400
FL "C:/Users/LuisaM/Documents/Universidad/Arq computadores/ProcesadorMonociclo/Mux.vhd" 2016/04/26.20:50:11 P.20131013
EN work/Mux 1461804406 \
      FL "C:/Users/LuisaM/Documents/Universidad/Arq computadores/ProcesadorMonociclo/Mux.vhd" \
      PB ieee/std_logic_1164 1381692176
AR work/Mux/Mux_Arq 1461804407 \
      FL "C:/Users/LuisaM/Documents/Universidad/Arq computadores/ProcesadorMonociclo/Mux.vhd" \
      EN work/Mux 1461804406
FL "C:/Users/LuisaM/Documents/Universidad/Arq computadores/ProcesadorMonociclo/NPC.vhd" 2016/04/07.19:14:14 P.20131013
EN work/NPC 1461804398 \
      FL "C:/Users/LuisaM/Documents/Universidad/Arq computadores/ProcesadorMonociclo/NPC.vhd" \
      PB ieee/std_logic_1164 1381692176
AR work/NPC/Behavioral 1461804399 \
      FL "C:/Users/LuisaM/Documents/Universidad/Arq computadores/ProcesadorMonociclo/NPC.vhd" \
      EN work/NPC 1461804398
FL "C:/Users/LuisaM/Documents/Universidad/Arq computadores/ProcesadorMonociclo/Procesador.vhd" 2016/04/27.19:24:52 P.20131013
EN work/ProcesadorM 1461804412 \
      FL "C:/Users/LuisaM/Documents/Universidad/Arq computadores/ProcesadorMonociclo/Procesador.vhd" \
      PB ieee/std_logic_1164 1381692176 PB ieee/STD_LOGIC_UNSIGNED 1381692179 \
      PB std/TEXTIO 1381692176
AR work/ProcesadorM/Arq_ProecesadorM 1461804413 \
      FL "C:/Users/LuisaM/Documents/Universidad/Arq computadores/ProcesadorMonociclo/Procesador.vhd" \
      EN work/ProcesadorM 1461804412 CP Adder CP NPC CP IM CP UnidadControl \
      CP Register_file CP Mux CP Seu CP ALU
FL "C:/Users/LuisaM/Documents/Universidad/Arq computadores/ProcesadorMonociclo/RegisterFile.vhd" 2016/04/21.19:25:35 P.20131013
EN work/RegisterFile 1461284746 \
      FL "C:/Users/LuisaM/Documents/Universidad/Arq computadores/ProcesadorMonociclo/RegisterFile.vhd" \
      PB ieee/std_logic_1164 1381692176 PB ieee/std_logic_arith 1381692177 \
      PB ieee/STD_LOGIC_UNSIGNED 1381692179
AR work/RegisterFile/ArqRegisterFile 1461284747 \
      FL "C:/Users/LuisaM/Documents/Universidad/Arq computadores/ProcesadorMonociclo/RegisterFile.vhd" \
      EN work/RegisterFile 1461284746
FL "C:/Users/LuisaM/Documents/Universidad/Arq computadores/ProcesadorMonociclo/Register_File.vhd" 2016/04/27.19:44:08 P.20131013
EN work/Register_file 1461804404 \
      FL "C:/Users/LuisaM/Documents/Universidad/Arq computadores/ProcesadorMonociclo/Register_File.vhd" \
      PB ieee/std_logic_1164 1381692176 PB ieee/std_logic_arith 1381692177 \
      PB ieee/STD_LOGIC_UNSIGNED 1381692179
AR work/Register_file/Arqui_RF 1461804405 \
      FL "C:/Users/LuisaM/Documents/Universidad/Arq computadores/ProcesadorMonociclo/Register_File.vhd" \
      EN work/Register_file 1461804404
FL "C:/Users/LuisaM/Documents/Universidad/Arq computadores/ProcesadorMonociclo/Seu.vhd" 2016/04/25.19:32:36 P.20131013
EN work/Seu 1461804408 \
      FL "C:/Users/LuisaM/Documents/Universidad/Arq computadores/ProcesadorMonociclo/Seu.vhd" \
      PB ieee/std_logic_1164 1381692176
AR work/Seu/Seu_Arq 1461804409 \
      FL "C:/Users/LuisaM/Documents/Universidad/Arq computadores/ProcesadorMonociclo/Seu.vhd" \
      EN work/Seu 1461804408
FL "C:/Users/LuisaM/Documents/Universidad/Arq computadores/ProcesadorMonociclo/UnidadControl.vhd" 2016/04/26.22:36:20 P.20131013
EN work/UnidadControl 1461804402 \
      FL "C:/Users/LuisaM/Documents/Universidad/Arq computadores/ProcesadorMonociclo/UnidadControl.vhd" \
      PB ieee/std_logic_1164 1381692176 PB ieee/STD_LOGIC_UNSIGNED 1381692179
AR work/UnidadControl/UC_Arq 1461804403 \
      FL "C:/Users/LuisaM/Documents/Universidad/Arq computadores/ProcesadorMonociclo/UnidadControl.vhd" \
      EN work/UnidadControl 1461804402
